2025-02-04 22:56:30,899 - INFO - User entered text 'standard_user' in the locator: ('id', 'user-name')
2025-02-04 22:56:30,913 - INFO - User entered text 'standard_user' in the locator: ('id', 'user-name')
2025-02-04 22:56:31,076 - INFO - User entered text 'standard_user' in the locator: ('id', 'user-name')
2025-02-04 22:56:31,101 - INFO - User entered text 'standard_user' in the locator: ('id', 'user-name')
2025-02-04 22:56:31,137 - INFO - User entered text ' ' in the locator: ('id', 'user-name')
2025-02-04 22:56:31,187 - INFO - User entered text 'standard_user' in the locator: ('id', 'user-name')
2025-02-04 22:56:31,304 - INFO - User entered text 'standard_user' in the locator: ('id', 'user-name')
2025-02-04 22:56:31,312 - INFO - User entered text 'standard_user' in the locator: ('id', 'user-name')
2025-02-04 22:56:31,615 - INFO - User entered text 'se' in the locator: ('id', 'password')
2025-02-04 22:56:31,677 - INFO - User entered text 'secret_sauce' in the locator: ('id', 'password')
2025-02-04 22:56:31,879 - INFO - User entered text 'secret_sauce' in the locator: ('id', 'password')
2025-02-04 22:56:31,898 - INFO - User entered text '' in the locator: ('id', 'password')
2025-02-04 22:56:32,022 - INFO - User entered text 'secret_sauce' in the locator: ('id', 'password')
2025-02-04 22:56:32,124 - INFO - User entered text 'secret_sauce' in the locator: ('id', 'password')
2025-02-04 22:56:32,140 - INFO - User entered text 'secret_sauce' in the locator: ('id', 'password')
2025-02-04 22:56:32,321 - INFO - User entered text 'secret_sauce' in the locator: ('id', 'password')
2025-02-04 22:56:34,159 - INFO - User clicked on this locator: ('id', 'login-button')
2025-02-04 22:56:34,174 - INFO - User clicked on this locator: ('id', 'login-button')
2025-02-04 22:56:34,962 - INFO - User clicked on this locator: ('id', 'login-button')
2025-02-04 22:56:34,963 - INFO - User clicked on this locator: ('id', 'login-button')
2025-02-04 22:56:34,965 - INFO - User clicked on this locator: ('id', 'login-button')
2025-02-04 22:56:34,966 - INFO - User clicked on this locator: ('id', 'login-button')
2025-02-04 22:56:34,966 - INFO - User clicked on this locator: ('id', 'login-button')
2025-02-04 22:56:34,966 - INFO - User clicked on this locator: ('id', 'login-button')
2025-02-04 22:56:35,698 - INFO - Fetched text 'Epic sadface: Username and password do not match any user in this service' from the locator: ('xpath', '//h3')
2025-02-04 22:56:35,699 - INFO - Assertion passed: Epic sadface: Username and password do not match any user in this service == Epic sadface: Username and password do not match any user in this service
2025-02-04 22:56:36,075 - INFO - Fetched text 'Swag Labs' from the locator: ('xpath', "//div[text()='Swag Labs']")
2025-02-04 22:56:36,075 - INFO - Assertion passed: Swag Labs == Swag Labs
2025-02-04 22:56:36,163 - INFO - Fetched text 'Epic sadface: Password is required' from the locator: ('xpath', '//h3')
2025-02-04 22:56:36,164 - INFO - Assertion passed: Epic sadface: Password is required == Epic sadface: Password is required
2025-02-04 22:56:36,404 - INFO - User entered text 'standard_user' in the locator: ('id', 'user-name')
2025-02-04 22:56:36,457 - INFO - User clicked on this locator: ('id', 'react-burger-menu-btn')
2025-02-04 22:56:37,001 - INFO - User entered text 'secret_sauce' in the locator: ('id', 'password')
2025-02-04 22:56:37,411 - INFO - User clicked on this locator: ('id', 'logout_sidebar_link')
2025-02-04 22:56:37,532 - INFO - User clicked on this locator: ('css selector', "[class='product_sort_container']")
2025-02-04 22:56:37,717 - INFO - Assertion passed: Swag Labs == Swag Labs
2025-02-04 22:56:38,656 - INFO - User clicked on this locator: ('id', 'login-button')
2025-02-04 22:56:40,121 - INFO - User clicked on this locator: ('css selector', "[class='shopping_cart_badge']")
2025-02-04 22:56:40,292 - INFO - Drop down selected with locator: ('css selector', "[class='product_sort_container']"), value: lohi
2025-02-04 22:56:40,345 - INFO - User clicked on this locator: ('css selector', "[class='shopping_cart_badge']")
2025-02-04 22:56:40,440 - INFO - Fetched text 'Sauce Labs Bike Light' from the locator: ('css selector', "[class='inventory_item_name']")
2025-02-04 22:56:40,441 - INFO - Assertion passed: Sauce Labs Bike Light == Sauce Labs Bike Light
2025-02-04 22:56:42,876 - INFO - Assertion passed: [7.99, 9.99, 15.99, 15.99, 29.99, 49.99] == [7.99, 9.99, 15.99, 15.99, 29.99, 49.99]
2025-02-04 22:56:42,928 - INFO - User clicked on this locator: ('css selector', "[class='shopping_cart_badge']")
2025-02-04 22:56:43,422 - INFO - User clicked on this locator: ('id', 'checkout')
2025-02-04 22:56:43,817 - INFO - User entered text 'piyush' in the locator: ('id', 'first-name')
2025-02-04 22:56:44,550 - INFO - User entered text 'dravyakr' in the locator: ('id', 'last-name')
2025-02-04 22:56:45,504 - INFO - User entered text '444111' in the locator: ('id', 'postal-code')
2025-02-04 22:56:45,932 - INFO - User clicked on this locator: ('id', 'continue')
2025-02-04 22:56:46,107 - INFO - User clicked on this locator: ('css selector', "[class='shopping_cart_badge']")
2025-02-04 22:56:46,208 - INFO - Assertion passed: ['Sauce Labs Backpack', 'Sauce Labs Bike Light'] == ['Sauce Labs Backpack', 'Sauce Labs Bike Light']
2025-02-04 22:56:46,214 - INFO - User clicked on this locator: ('id', 'finish')
2025-02-04 22:56:46,330 - INFO - Fetched text 'Thank you for your order!' from the locator: ('tag name', 'h2')
2025-02-04 22:56:46,331 - INFO - Assertion passed: Thank you for your order! == Thank you for your order!
2025-02-04 22:57:05,298 - INFO - User entered text 'standard_user' in the locator: ('id', 'user-name')
2025-02-04 22:57:05,629 - INFO - User clicked on this locator: ('css selector', "[class='shopping_cart_badge']")
2025-02-04 22:57:08,539 - INFO - Fetched text 'Remove' from the locator: ('id', 'remove-sauce-labs-bike-light')
2025-02-04 22:57:08,786 - INFO - User entered text 'secret_sauce' in the locator: ('id', 'password')
2025-02-04 22:57:09,049 - INFO - User clicked on this locator: ('css selector', "[class='shopping_cart_badge']")
2025-02-04 22:57:09,125 - INFO - JavaScript click performed on locator: ('id', 'remove-sauce-labs-bike-light')
2025-02-04 22:57:09,791 - INFO - User clicked on this locator: ('id', 'login-button')
2025-02-04 22:57:11,017 - INFO - User clicked on this locator: ('id', 'continue-shopping')
2025-02-04 22:57:11,346 - INFO - User entered text 'standard_user' in the locator: ('id', 'user-name')
2025-02-04 22:57:11,384 - INFO - Fetched text 'Add to cart' from the locator: ('id', 'add-to-cart-sauce-labs-backpack')
2025-02-04 22:57:11,385 - INFO - Assertion passed: Add to cart == Add to cart
2025-02-04 22:57:11,686 - INFO - User entered text 'secret_sauce' in the locator: ('id', 'password')
2025-02-04 22:57:12,188 - INFO - User clicked on this locator: ('id', 'login-button')
2025-02-04 22:57:12,580 - INFO - User clicked on this locator: ('id', 'react-burger-menu-btn')
2025-02-04 22:57:12,802 - INFO - User entered text 'standard_user' in the locator: ('id', 'user-name')
2025-02-04 22:57:12,932 - INFO - User entered text 'standard_user' in the locator: ('id', 'user-name')
2025-02-04 22:57:13,353 - INFO - User entered text 'secret_sauce' in the locator: ('id', 'password')
2025-02-04 22:57:13,415 - INFO - User entered text 'secret_sauce' in the locator: ('id', 'password')
2025-02-04 22:57:14,183 - INFO - User clicked on this locator: ('id', 'login-button')
2025-02-04 22:57:14,263 - INFO - User clicked on this locator: ('id', 'login-button')
2025-02-04 22:57:14,887 - INFO - User clicked on this locator: ('id', 'react-burger-menu-btn')
2025-02-04 22:57:15,169 - INFO - Assertion passed: ['Twitter', 'Facebook', 'LinkedIn'] == ['Twitter', 'Facebook', 'LinkedIn']
2025-02-04 22:57:15,176 - INFO - Assertion passed: Remove == Remove
2025-02-04 22:57:15,678 - INFO - User clicked on this locator: ('partial link text', 'Reset App State')
2025-02-04 22:57:15,725 - INFO - Assertion passed: Swag Labs == Swag Labs
2025-02-04 22:57:24,041 - INFO - User clicked on this locator: ('link text', 'About')
2025-02-04 22:57:24,143 - INFO - Assertion passed: Sauce Labs: Cross Browser Testing, Selenium Testing & Mobile Testing == Sauce Labs: Cross Browser Testing, Selenium Testing & Mobile Testing
2025-02-04 22:59:13,492 - INFO - User entered text 'standard_user' in the locator: ('id', 'user-name')
2025-02-04 22:59:13,492 - INFO - User entered text 'standard_user' in the locator: ('id', 'user-name')
2025-02-04 22:59:13,516 - INFO - User entered text 'standard_user' in the locator: ('id', 'user-name')
2025-02-04 22:59:13,517 - INFO - User entered text 'standard_user' in the locator: ('id', 'user-name')
2025-02-04 22:59:14,334 - INFO - User entered text 'standard_user' in the locator: ('id', 'user-name')
2025-02-04 22:59:14,924 - INFO - User entered text 'secret_sauce' in the locator: ('id', 'password')
2025-02-04 22:59:15,012 - INFO - User entered text 'secret_sauce' in the locator: ('id', 'password')
2025-02-04 22:59:15,272 - INFO - User entered text 'se' in the locator: ('id', 'password')
2025-02-04 22:59:15,284 - INFO - User entered text 'secret_sauce' in the locator: ('id', 'password')
2025-02-04 22:59:15,584 - INFO - User entered text 'secret_sauce' in the locator: ('id', 'password')
2025-02-04 22:59:15,580 - INFO - User entered text 'standard_user' in the locator: ('id', 'user-name')
2025-02-04 22:59:17,070 - INFO - User clicked on this locator: ('id', 'login-button')
2025-02-04 22:59:17,070 - INFO - User entered text 'secret_sauce' in the locator: ('id', 'password')
2025-02-04 22:59:17,387 - INFO - User clicked on this locator: ('id', 'login-button')
2025-02-04 22:59:22,452 - INFO - User clicked on this locator: ('id', 'login-button')
2025-02-04 22:59:22,455 - INFO - User clicked on this locator: ('id', 'login-button')
2025-02-04 22:59:22,458 - INFO - User clicked on this locator: ('id', 'login-button')
2025-02-04 22:59:22,717 - INFO - User clicked on this locator: ('id', 'login-button')
2025-02-04 22:59:23,009 - INFO - User clicked on this locator: ('css selector', "[class='product_sort_container']")
2025-02-04 22:59:24,388 - INFO - Fetched text 'Epic sadface: Username and password do not match any user in this service' from the locator: ('xpath', '//h3')
2025-02-04 22:59:24,389 - INFO - Assertion passed: Epic sadface: Username and password do not match any user in this service == Epic sadface: Username and password do not match any user in this service
2025-02-04 22:59:24,466 - INFO - User clicked on this locator: ('css selector', "[class='shopping_cart_badge']")
2025-02-04 22:59:24,666 - INFO - Fetched text 'Swag Labs' from the locator: ('xpath', "//div[text()='Swag Labs']")
2025-02-04 22:59:24,667 - INFO - Assertion passed: Swag Labs == Swag Labs
2025-02-04 22:59:25,835 - INFO - Drop down selected with locator: ('css selector', "[class='product_sort_container']"), value: lohi
2025-02-04 22:59:28,376 - INFO - User clicked on this locator: ('id', 'checkout')
2025-02-04 22:59:28,467 - INFO - Assertion passed: [7.99, 9.99, 15.99, 15.99, 29.99, 49.99] == [7.99, 9.99, 15.99, 15.99, 29.99, 49.99]
2025-02-04 22:59:29,123 - INFO - User entered text 'piyush' in the locator: ('id', 'first-name')
2025-02-04 22:59:29,392 - INFO - User clicked on this locator: ('css selector', "[class='shopping_cart_badge']")
2025-02-04 22:59:29,538 - INFO - Fetched text 'Sauce Labs Bike Light' from the locator: ('css selector', "[class='inventory_item_name']")
2025-02-04 22:59:29,539 - INFO - Assertion passed: Sauce Labs Bike Light == Sauce Labs Bike Light
2025-02-04 22:59:29,587 - INFO - User entered text 'dravyakr' in the locator: ('id', 'last-name')
2025-02-04 22:59:30,485 - INFO - User entered text '444111' in the locator: ('id', 'postal-code')
2025-02-04 22:59:31,641 - INFO - User clicked on this locator: ('id', 'continue')
2025-02-04 22:59:34,962 - INFO - User clicked on this locator: ('id', 'finish')
2025-02-04 22:59:35,085 - INFO - Fetched text 'Thank you for your order!' from the locator: ('tag name', 'h2')
2025-02-04 22:59:35,086 - INFO - Assertion passed: Thank you for your order! == Thank you for your order!
2025-02-04 22:59:36,402 - INFO - User clicked on this locator: ('css selector', "[class='shopping_cart_badge']")
2025-02-04 22:59:37,417 - INFO - Assertion passed: ['Sauce Labs Backpack', 'Sauce Labs Bike Light'] == ['Sauce Labs Backpack', 'Sauce Labs Bike Light']
2025-02-04 22:59:38,459 - INFO - User entered text 'standard_user' in the locator: ('id', 'user-name')
2025-02-04 22:59:40,201 - INFO - User entered text 'secret_sauce' in the locator: ('id', 'password')
2025-02-04 22:59:40,664 - INFO - User entered text 'standard_user' in the locator: ('id', 'user-name')
2025-02-04 22:59:40,768 - INFO - User entered text ' ' in the locator: ('id', 'user-name')
2025-02-04 22:59:41,288 - INFO - User clicked on this locator: ('id', 'login-button')
2025-02-04 22:59:41,296 - INFO - User entered text 'secret_sauce' in the locator: ('id', 'password')
2025-02-04 22:59:41,402 - INFO - User entered text '' in the locator: ('id', 'password')
2025-02-04 22:59:41,854 - INFO - User clicked on this locator: ('id', 'login-button')
2025-02-04 22:59:41,918 - INFO - User clicked on this locator: ('id', 'login-button')
2025-02-04 22:59:42,091 - INFO - Fetched text 'Epic sadface: Password is required' from the locator: ('xpath', '//h3')
2025-02-04 22:59:42,092 - INFO - Assertion passed: Epic sadface: Password is required == Epic sadface: Password is required
2025-02-04 22:59:42,264 - INFO - User clicked on this locator: ('id', 'react-burger-menu-btn')
2025-02-04 22:59:42,643 - INFO - User clicked on this locator: ('id', 'logout_sidebar_link')
2025-02-04 22:59:42,670 - INFO - Assertion passed: Swag Labs == Swag Labs
2025-02-04 22:59:45,515 - INFO - User clicked on this locator: ('css selector', "[class='shopping_cart_badge']")
2025-02-04 23:00:14,183 - INFO - User clicked on this locator: ('css selector', "[class='shopping_cart_badge']")
2025-02-04 23:00:15,335 - INFO - Fetched text 'Remove' from the locator: ('id', 'remove-sauce-labs-bike-light')
2025-02-04 23:00:16,012 - INFO - User entered text 'standard_user' in the locator: ('id', 'user-name')
2025-02-04 23:00:16,107 - INFO - User entered text 'standard_user' in the locator: ('id', 'user-name')
2025-02-04 23:00:16,487 - INFO - User entered text 'standard_user' in the locator: ('id', 'user-name')
2025-02-04 23:00:16,577 - INFO - User clicked on this locator: ('css selector', "[class='shopping_cart_badge']")
2025-02-04 23:00:16,786 - INFO - User entered text 'secret_sauce' in the locator: ('id', 'password')
2025-02-04 23:00:16,854 - INFO - User entered text 'secret_sauce' in the locator: ('id', 'password')
2025-02-04 23:00:16,884 - INFO - JavaScript click performed on locator: ('id', 'remove-sauce-labs-bike-light')
2025-02-04 23:00:17,062 - INFO - User entered text 'secret_sauce' in the locator: ('id', 'password')
2025-02-04 23:00:17,569 - INFO - User clicked on this locator: ('id', 'login-button')
2025-02-04 23:00:17,648 - INFO - User clicked on this locator: ('id', 'login-button')
2025-02-04 23:00:18,194 - INFO - User clicked on this locator: ('id', 'login-button')
2025-02-04 23:00:18,366 - INFO - User clicked on this locator: ('id', 'react-burger-menu-btn')
2025-02-04 23:00:18,860 - INFO - User clicked on this locator: ('id', 'react-burger-menu-btn')
2025-02-04 23:00:18,931 - INFO - User clicked on this locator: ('partial link text', 'Reset App State')
2025-02-04 23:00:19,004 - INFO - User clicked on this locator: ('id', 'continue-shopping')
2025-02-04 23:00:19,016 - INFO - Assertion passed: Swag Labs == Swag Labs
2025-02-04 23:00:19,208 - INFO - Fetched text 'Add to cart' from the locator: ('id', 'add-to-cart-sauce-labs-backpack')
2025-02-04 23:00:19,211 - INFO - Assertion passed: Add to cart == Add to cart
2025-02-04 23:00:19,644 - INFO - User entered text 'standard_user' in the locator: ('id', 'user-name')
2025-02-04 23:00:20,298 - INFO - User entered text 'secret_sauce' in the locator: ('id', 'password')
2025-02-04 23:00:21,358 - INFO - User clicked on this locator: ('id', 'login-button')
2025-02-04 23:00:22,287 - INFO - Assertion passed: ['Twitter', 'Facebook', 'LinkedIn'] == ['Twitter', 'Facebook', 'LinkedIn']
2025-02-04 23:00:22,525 - INFO - Assertion passed: Remove == Remove
2025-02-04 23:00:29,539 - INFO - User clicked on this locator: ('link text', 'About')
2025-02-04 23:00:29,861 - INFO - Assertion passed: Sauce Labs: Cross Browser Testing, Selenium Testing & Mobile Testing == Sauce Labs: Cross Browser Testing, Selenium Testing & Mobile Testing
